// Jest Snapshot v1, https://goo.gl/fbAQLP

exports[`renders the ToDoCard 1`] = `
<DocumentFragment>
  <div
    aria-label="ToDo Card"
    class="card"
    role="complementary"
  >
    <div
      class="card-header"
    >
      <h5
        class="card-title"
      >
        ToDos 
      </h5>
    </div>
    <div
      class="card-body"
    >
      <ul
        class="list-group"
      />
    </div>
    <div
      class="card-footer"
    >
      <div
        class="wrapper"
      >
        <button
          class="btn btn-primary disabled"
        >
          Create New ToDo
        </button>
      </div>
    </div>
  </div>
</DocumentFragment>
`;
